============================= test session starts =============================
platform win32 -- Python 3.12.2, pytest-9.0.2, pluggy-1.5.0 -- C:\Python312\python.exe
cachedir: .pytest_cache
rootdir: D:\wezu\wezu-backend
configfile: pytest.ini
plugins: asyncio-1.3.0, anyio-3.7.1
asyncio: mode=Mode.STRICT, debug=False, asyncio_default_fixture_loop_scope=None, asyncio_default_test_loop_scope=function
collecting ... collected 2 items

tests/api/v1/test_auth.py::test_register_user FAILED                     [ 50%]
tests/api/v1/test_auth.py::test_login_user FAILED                        [100%]

================================== FAILURES ===================================
_____________________________ test_register_user ______________________________
tests\api\v1\test_auth.py:11: in test_register_user
    assert response.status_code == 200
E   assert 404 == 200
E    +  where 404 = <Response [404 Not Found]>.status_code
---------------------------- Captured stderr call -----------------------------
INFO:httpx:HTTP Request: POST http://testserver/api/v1/auth/register "HTTP/1.1 404 Not Found"
------------------------------ Captured log call ------------------------------
INFO     httpx:_client.py:1025 HTTP Request: POST http://testserver/api/v1/auth/register "HTTP/1.1 404 Not Found"
_______________________________ test_login_user _______________________________
tests\api\v1\test_auth.py:36: in test_login_user
    assert response.status_code == 200
E   assert 404 == 200
E    +  where 404 = <Response [404 Not Found]>.status_code
---------------------------- Captured stderr call -----------------------------
ERROR:root:Failed to write audit log to MongoDB: Event loop is closed
INFO:root:Audit Event: {'timestamp': datetime.datetime(2026, 3, 3, 13, 6, 46, 836487), 'event_type': 'api_request', 'user_id': None, 'resource': '/api/v1/auth/register', 'action': 'POST', 'status': 'failure', 'metadata': {'method': 'POST', 'url': 'http://testserver/api/v1/auth/register', 'process_time_ms': 1, 'status_code': 404, 'user_agent': 'testclient'}, 'ip_address': 'testclient'}
INFO:httpx:HTTP Request: POST http://testserver/api/v1/auth/register "HTTP/1.1 404 Not Found"
ERROR:root:Failed to write audit log to MongoDB: Event loop is closed
INFO:root:Audit Event: {'timestamp': datetime.datetime(2026, 3, 3, 13, 6, 46, 840158), 'event_type': 'api_request', 'user_id': None, 'resource': '/api/v1/auth/token', 'action': 'POST', 'status': 'failure', 'metadata': {'method': 'POST', 'url': 'http://testserver/api/v1/auth/token', 'process_time_ms': 0, 'status_code': 404, 'user_agent': 'testclient'}, 'ip_address': 'testclient'}
INFO:httpx:HTTP Request: POST http://testserver/api/v1/auth/token "HTTP/1.1 404 Not Found"
------------------------------ Captured log call ------------------------------
ERROR    root:audit_service.py:50 Failed to write audit log to MongoDB: Event loop is closed
INFO     root:audit_service.py:51 Audit Event: {'timestamp': datetime.datetime(2026, 3, 3, 13, 6, 46, 836487), 'event_type': 'api_request', 'user_id': None, 'resource': '/api/v1/auth/register', 'action': 'POST', 'status': 'failure', 'metadata': {'method': 'POST', 'url': 'http://testserver/api/v1/auth/register', 'process_time_ms': 1, 'status_code': 404, 'user_agent': 'testclient'}, 'ip_address': 'testclient'}
INFO     httpx:_client.py:1025 HTTP Request: POST http://testserver/api/v1/auth/register "HTTP/1.1 404 Not Found"
ERROR    root:audit_service.py:50 Failed to write audit log to MongoDB: Event loop is closed
INFO     root:audit_service.py:51 Audit Event: {'timestamp': datetime.datetime(2026, 3, 3, 13, 6, 46, 840158), 'event_type': 'api_request', 'user_id': None, 'resource': '/api/v1/auth/token', 'action': 'POST', 'status': 'failure', 'metadata': {'method': 'POST', 'url': 'http://testserver/api/v1/auth/token', 'process_time_ms': 0, 'status_code': 404, 'user_agent': 'testclient'}, 'ip_address': 'testclient'}
INFO     httpx:_client.py:1025 HTTP Request: POST http://testserver/api/v1/auth/token "HTTP/1.1 404 Not Found"
============================== warnings summary ===============================
app\schemas\notification.py:5
  D:\wezu\wezu-backend\app\schemas\notification.py:5: PydanticDeprecatedSince20: Support for class-based `config` is deprecated, use ConfigDict instead. Deprecated in Pydantic V2.0 to be removed in V3.0. See Pydantic V2 Migration Guide at https://errors.pydantic.dev/2.12/migration/
    class NotificationResponse(BaseModel):

app\schemas\branch.py:32
  D:\wezu\wezu-backend\app\schemas\branch.py:32: PydanticDeprecatedSince20: Support for class-based `config` is deprecated, use ConfigDict instead. Deprecated in Pydantic V2.0 to be removed in V3.0. See Pydantic V2 Migration Guide at https://errors.pydantic.dev/2.12/migration/
    class BranchRead(BranchBase):

app\schemas\organization.py:24
  D:\wezu\wezu-backend\app\schemas\organization.py:24: PydanticDeprecatedSince20: Support for class-based `config` is deprecated, use ConfigDict instead. Deprecated in Pydantic V2.0 to be removed in V3.0. See Pydantic V2 Migration Guide at https://errors.pydantic.dev/2.12/migration/
    class OrganizationSocialLinkRead(OrganizationSocialLinkBase):

app\schemas\organization.py:46
  D:\wezu\wezu-backend\app\schemas\organization.py:46: PydanticDeprecatedSince20: Support for class-based `config` is deprecated, use ConfigDict instead. Deprecated in Pydantic V2.0 to be removed in V3.0. See Pydantic V2 Migration Guide at https://errors.pydantic.dev/2.12/migration/
    class OrganizationRead(OrganizationBase):

C:\Python312\Lib\site-packages\dateutil\tz\tz.py:37
  C:\Python312\Lib\site-packages\dateutil\tz\tz.py:37: DeprecationWarning: datetime.datetime.utcfromtimestamp() is deprecated and scheduled for removal in a future version. Use timezone-aware objects to represent datetimes in UTC: datetime.datetime.fromtimestamp(timestamp, datetime.UTC).
    EPOCH = datetime.datetime.utcfromtimestamp(0)

app\schemas\warehouse.py:30
  D:\wezu\wezu-backend\app\schemas\warehouse.py:30: PydanticDeprecatedSince20: Support for class-based `config` is deprecated, use ConfigDict instead. Deprecated in Pydantic V2.0 to be removed in V3.0. See Pydantic V2 Migration Guide at https://errors.pydantic.dev/2.12/migration/
    class WarehouseRead(WarehouseBase):

app\schemas\stock.py:23
  D:\wezu\wezu-backend\app\schemas\stock.py:23: PydanticDeprecatedSince20: Support for class-based `config` is deprecated, use ConfigDict instead. Deprecated in Pydantic V2.0 to be removed in V3.0. See Pydantic V2 Migration Guide at https://errors.pydantic.dev/2.12/migration/
    class StockResponse(StockBase):

app\schemas\stock.py:42
  D:\wezu\wezu-backend\app\schemas\stock.py:42: PydanticDeprecatedSince20: Support for class-based `config` is deprecated, use ConfigDict instead. Deprecated in Pydantic V2.0 to be removed in V3.0. See Pydantic V2 Migration Guide at https://errors.pydantic.dev/2.12/migration/
    class StockMovementResponse(StockMovementBase):

C:\Python312\Lib\site-packages\sqlmodel\main.py:583
C:\Python312\Lib\site-packages\sqlmodel\main.py:583
C:\Python312\Lib\site-packages\sqlmodel\main.py:583
  C:\Python312\Lib\site-packages\sqlmodel\main.py:583: PydanticDeprecatedSince20: Support for class-based `config` is deprecated, use ConfigDict instead. Deprecated in Pydantic V2.0 to be removed in V3.0. See Pydantic V2 Migration Guide at https://errors.pydantic.dev/2.12/migration/
    "SQLModel", super().__new__(cls, name, bases, dict_used, **config_kwargs)

app\api\admin\users.py:63
  D:\wezu\wezu-backend\app\api\admin\users.py:63: DeprecationWarning: `regex` has been deprecated, please use `pattern` instead
    status: str = Query(..., regex="^(pending|verified|rejected)$"),

tests/api/v1/test_auth.py::test_register_user
tests/api/v1/test_auth.py::test_login_user
tests/api/v1/test_auth.py::test_login_user
  D:\wezu\wezu-backend\app\services\audit_service.py:35: DeprecationWarning: datetime.datetime.utcnow() is deprecated and scheduled for removal in a future version. Use timezone-aware objects to represent datetimes in UTC: datetime.datetime.now(datetime.UTC).
    "timestamp": datetime.utcnow(),

-- Docs: https://docs.pytest.org/en/stable/how-to/capture-warnings.html
=========================== short test summary info ===========================
FAILED tests/api/v1/test_auth.py::test_register_user - assert 404 == 200
FAILED tests/api/v1/test_auth.py::test_login_user - assert 404 == 200
======================= 2 failed, 15 warnings in 0.28s ========================
